[client-1] SEND   Increment(counter=x, delta=1)  L=1
[client-1] RECV   IncrementReply(new_value=1)  L=13  (received L=12)
[client-1] SEND   Increment(counter=x, delta=1)  L=14
[client-1] RECV   IncrementReply(new_value=2)  L=22  (received L=21)
[client-2] START  scenario initialization  L=1
[client-2] START  counter y selected  L=2
[client-2] SEND   Increment(counter=y, delta=1)  L=3
[client-2] RECV   IncrementReply(new_value=1)  L=16  (received L=15)
[client-2] SEND   Increment(counter=y, delta=1)  L=17
[client-2] RECV   IncrementReply(new_value=2)  L=25  (received L=24)
[client-3] SEND   Get(counter=x)  L=1
[client-3] RECV   GetReply(value=0, found=False)  L=5  (received L=4)
[client-3] SEND   Get(counter=y)  L=6
[client-3] RECV   GetReply(value=0, found=False)  L=10  (received L=9)
[replica-A] RECV   Get(counter=x)  L=2  (received L=1)
[replica-A] READ   counter=x -> 0, found=False  L=3
[replica-A] SEND   GetReply(value=0, found=False)  L=4
[replica-A] RECV   Get(counter=y)  L=7  (received L=6)
[replica-A] RECV   Increment(counter=x, delta=1)  L=10  (received L=1)
[replica-A] APPLY  counter=x -> 1  L=11
[replica-A] SEND   IncrementReply(new_value=1)  L=12
[replica-A] RECV   Increment(counter=y, delta=1)  L=13  (received L=3)
[replica-A] APPLY  counter=y -> 1  L=14
[replica-A] SEND   IncrementReply(new_value=1)  L=15
[replica-A] RECV   Increment(counter=x, delta=1)  L=19  (received L=14)
[replica-A] APPLY  counter=x -> 2  L=20
[replica-A] SEND   IncrementReply(new_value=2)  L=21
[replica-A] RECV   Increment(counter=y, delta=1)  L=22  (received L=17)
[replica-A] APPLY  counter=y -> 2  L=23
[replica-A] SEND   IncrementReply(new_value=2)  L=24
