[replica-A] RECV   Get(counter=x)  L=2  (received L=1)
[replica-A] READ   counter=x -> 0, found=False  L=3
[replica-A] SEND   GetReply(value=0, found=False)  L=4
[replica-A] RECV   Get(counter=y)  L=7  (received L=6)
[replica-A] READ   counter=y -> 0, found=False  L=8
[replica-A] SEND   GetReply(value=0, found=False)  L=9
[replica-A] RECV   Increment(counter=x, delta=1)  L=10  (received L=1)
[replica-A] APPLY  counter=x -> 1  L=11
[replica-A] SEND   IncrementReply(new_value=1)  L=12
[replica-A] RECV   Increment(counter=y, delta=1)  L=13  (received L=3)
[replica-A] APPLY  counter=y -> 1  L=14
[replica-A] SEND   IncrementReply(new_value=1)  L=15
[replica-A] RECV   Get(counter=x)  L=16  (received L=11)
[replica-A] READ   counter=x -> 1, found=True  L=17
[replica-A] SEND   GetReply(value=1, found=True)  L=18
[replica-A] RECV   Increment(counter=x, delta=1)  L=19  (received L=14)
[replica-A] APPLY  counter=x -> 2  L=20
[replica-A] SEND   IncrementReply(new_value=2)  L=21
[replica-A] RECV   Increment(counter=y, delta=1)  L=22  (received L=17)
[replica-A] APPLY  counter=y -> 2  L=23
[replica-A] SEND   IncrementReply(new_value=2)  L=24
[replica-A] RECV   Get(counter=y)  L=25  (received L=20)
[replica-A] READ   counter=y -> 2, found=True  L=26
[replica-A] SEND   GetReply(value=2, found=True)  L=27
[replica-A] RECV   Get(counter=x)  L=28  (received L=1)
[replica-A] READ   counter=x -> 2, found=True  L=29
[replica-A] SEND   GetReply(value=2, found=True)  L=30
[replica-A] RECV   Get(counter=y)  L=33  (received L=32)
[replica-A] READ   counter=y -> 2, found=True  L=34
[replica-A] SEND   GetReply(value=2, found=True)  L=35
